C51 COMPILER V9.54   LED                                                                   07/16/2022 18:12:11 PAGE 1   


C51 COMPILER V9.54, COMPILATION OF MODULE LED
OBJECT MODULE PLACED IN ..\Obj\led.obj
COMPILER INVOKED BY: D:\keil 5 - C51\C51\BIN\C51.EXE ..\Hardware\LED\led.c OPTIMIZE(8,SPEED) BROWSE INCDIR(..\FWLib;..\U
                    -ser;..\System\MyTime;..\Hardware\LED;..\Hardware\SGM;..\Hardware\DHT11) DEBUG OBJECTEXTEND PRINT(.\Listings\led.lst) OBJ
                    -ECT(..\Obj\led.obj)

line level    source

   1          #include "led.h"
   2          #include "config.h"
   3          #include "GPIO.h"
   4          
   5          void LED_GPIO_Config(void)
   6          {
   7   1              GPIO_InitTypeDef GPIO_InitStructure;
   8   1              
   9   1              GPIO_InitStructure.Pin = GPIO_Pin_All;
  10   1              GPIO_InitStructure.Mode = GPIO_OUT_PP;
  11   1              GPIO_Inilize(LED_Port, &GPIO_InitStructure);
  12   1      }


MODULE INFORMATION:   STATIC OVERLAYABLE
   CODE SIZE        =     17    ----
   CONSTANT SIZE    =   ----    ----
   XDATA SIZE       =   ----    ----
   PDATA SIZE       =   ----    ----
   DATA SIZE        =   ----       2
   IDATA SIZE       =   ----    ----
   BIT SIZE         =   ----    ----
END OF MODULE INFORMATION.


C51 COMPILATION COMPLETE.  0 WARNING(S),  0 ERROR(S)
