C51 COMPILER V9.54   MAIN                                                                  07/16/2022 18:12:11 PAGE 1   


C51 COMPILER V9.54, COMPILATION OF MODULE MAIN
OBJECT MODULE PLACED IN ..\Obj\main.obj
COMPILER INVOKED BY: D:\keil 5 - C51\C51\BIN\C51.EXE ..\User\main.c OPTIMIZE(8,SPEED) BROWSE INCDIR(..\FWLib;..\User;..\
                    -System\MyTime;..\Hardware\LED;..\Hardware\SGM;..\Hardware\DHT11) DEBUG OBJECTEXTEND PRINT(.\Listings\main.lst) OBJECT(..
                    -\Obj\main.obj)

line level    source

   1          #include "config.h"
   2          #include "delay.h"
   3          #include "led.h"
   4          #include "sgm.h"
   5          #include "DHT11.h"
   6          #include "MyTime.h"
   7          
   8          /**
   9           * @22.1184MHz
  10           */
  11          
  12          void main()
  13          {
  14   1              LED_GPIO_Config();
  15   1              SGM_GPIO_Config();
  16   1              DHT11_Init();
  17   1              MyTimer_Init();
  18   1              
  19   1              EA = 1;  // 开启总中断
  20   1              
  21   1              LED_ALL = LED_ALL_OFF;
  22   1              DHT11_Data = Read_DHT11();
  23   1              
  24   1              while(1)
  25   1              {
  26   2                      if(Read_DHT11_Error==DataOld_Error)  // 数据过旧，更新数据
  27   2                      {
  28   3                              LED(7) = LED_OFF;
  29   3                              DHT11_Data = Read_DHT11();
  30   3                              LED(7) = LED_ON;
  31   3                      }
  32   2                      
  33   2                      if(Read_DHT11_Error==No_Error)  // 没有错误
  34   2                      {
  35   3                              SGM_Set_One(~0X80, 0X39);  // C
  36   3                              SGM_Set_One(~0X40, 0X63);  // o
  37   3                              SGM_Appoint_Display_Eecimal(DHT11_Data.Tem_Data_Int, DHT11_Data.Tem_Data_Dec, 5);
  38   3                      }
  39   2                      else Read_DHT11_Error = DataOld_Error;
  40   2                      
  41   2                      LED(7) = LED_ON;
  42   2              }
  43   1      }


MODULE INFORMATION:   STATIC OVERLAYABLE
   CODE SIZE        =    100    ----
   CONSTANT SIZE    =   ----    ----
   XDATA SIZE       =   ----    ----
   PDATA SIZE       =   ----    ----
   DATA SIZE        =   ----    ----
   IDATA SIZE       =   ----    ----
   BIT SIZE         =   ----    ----
C51 COMPILER V9.54   MAIN                                                                  07/16/2022 18:12:11 PAGE 2   

END OF MODULE INFORMATION.


C51 COMPILATION COMPLETE.  0 WARNING(S),  0 ERROR(S)
